=== Ensemble_6 / Exp-B: Multi-Match-Length DTW ===

[LOOCV: Multi-DTW Experiment]

  B1 held out:
    dtw18=0.2582  dtw_multi=0.2867
    dtw8=0.2765
    dtw12=0.2597
    dtw15=0.2575
    dtw18=0.2582
    dtw24=0.2636

  B2 held out:
    dtw18=0.6146  dtw_multi=0.6395
    dtw8=0.6106
    dtw12=0.6115
    dtw15=0.6100
    dtw18=0.6146
    dtw24=0.6340

  B3 held out:
    dtw18=0.3431  dtw_multi=0.3295
    dtw8=0.3463
    dtw12=0.3715
    dtw15=0.3792
    dtw18=0.3431
    dtw24=0.3019

  B4 held out:
    dtw18=0.5290  dtw_multi=0.5243
    dtw8=0.5318
    dtw12=0.5284
    dtw15=0.5236
    dtw18=0.5290
    dtw24=0.5300

[Calibration]
  dtw18:      cf=0.68  score=0.5499
  dtw_multi:  cf=0.71  score=0.5299

[Final: dtw18  cf=0.68]
  B1: score=0.5808  mean_er=-26.50%
  B2: score=0.5344  mean_er=14.49%
  B3: score=0.6617  mean_er=-23.01%
  B4: score=0.4226  mean_er=48.87%
  Overall: 0.5499  (baseline: 0.5499)

[Test: dtw18  cf=0.68]
  T1: start=16  RUL=2.07hr
  T2: start=42  RUL=11.38hr
  T3: start=22  RUL=7.99hr
  T4: start=25  RUL=4.16hr
  T5: start=79  RUL=2.01hr
  T6: start=99  RUL=1.53hr

Done → results
