=== Exp-K: Model Diversity + Ensemble Strategies ===
Device: cuda

[LOOCV] B1 held out (n=126)
  tcn...
  tcn_res...
  transformer...
  bilstm...
  dtw=0.2582 dtw_exp=0.2582 dtw_adk=0.2597 lgbm=0.4316 lgbm_a15=0.4662 lgbm_hif=0.4568 ridge=0.5269 tcn=0.3480 tcn_res=0.3537 transformer=0.3493 bilstm=0.3219
[LOOCV] B2 held out (n=114)
  tcn...
  tcn_res...
  transformer...
  bilstm...
  dtw=0.6146 dtw_exp=0.5896 dtw_adk=0.6007 lgbm=0.6068 lgbm_a15=0.5986 lgbm_hif=0.6051 ridge=0.4622 tcn=0.6134 tcn_res=0.6129 transformer=0.5289 bilstm=0.5994
[LOOCV] B3 held out (n=89)
  tcn...
  tcn_res...
  transformer...
  bilstm...
  dtw=0.3431 dtw_exp=0.3430 dtw_adk=0.3501 lgbm=0.2984 lgbm_a15=0.2994 lgbm_hif=0.2887 ridge=0.0988 tcn=0.4543 tcn_res=0.3767 transformer=0.5130 bilstm=0.4215
[LOOCV] B4 held out (n=137)
  tcn...
  tcn_res...
  transformer...
  bilstm...
  dtw=0.5290 dtw_exp=0.5292 dtw_adk=0.5285 lgbm=0.5200 lgbm_a15=0.5075 lgbm_hif=0.5004 ridge=0.4733 tcn=0.5369 tcn_res=0.5745 transformer=0.6688 bilstm=0.6469

[Calibration]
  dtw: cf=0.68 score=0.5499
  dtw_exp: cf=0.68 score=0.5431
  dtw_adk: cf=0.70 score=0.5417
  lgbm: cf=0.74 score=0.5039
  lgbm_a15: cf=0.74 score=0.5038
  lgbm_hif: cf=0.77 score=0.4922
  ridge: cf=0.53 score=0.4198
  tcn: cf=0.82 score=0.5170
  tcn_res: cf=0.80 score=0.5315
  transformer: cf=0.95 score=0.5214
  bilstm: cf=0.78 score=0.5701

      model   cf  cal_score     B1     B2     B3     B4
     bilstm 0.78     0.5701 0.3018 0.6616 0.7445 0.5724
        dtw 0.68     0.5499 0.5808 0.5344 0.6617 0.4226
    dtw_exp 0.68     0.5431 0.5808 0.5094 0.6594 0.4227
    dtw_adk 0.70     0.5417 0.5634 0.5315 0.6458 0.4260
    tcn_res 0.80     0.5315 0.3306 0.5881 0.6444 0.5631
transformer 0.95     0.5214 0.3443 0.5155 0.5613 0.6643
        tcn 0.82     0.5170 0.3292 0.5572 0.6379 0.5437
       lgbm 0.74     0.5039 0.3710 0.5724 0.6411 0.4311
   lgbm_a15 0.74     0.5038 0.3975 0.5635 0.6333 0.4210
   lgbm_hif 0.77     0.4922 0.3932 0.5648 0.5818 0.4290
      ridge 0.53     0.4198 0.4085 0.4236 0.4603 0.3868

============================================================
[Ensemble Strategies]
  ExpJ_repro: 0.6064

  Strategy A: Bidirectional Capped ...
  Best bidir_capped: 0.5942 (au=0.6,cu=2.0,ad=0.1,cd=1.2)

  Strategy B: Trimmed Mean ...
  trimmed_mean trim=1: 0.5385
  trimmed_mean trim=2: 0.5315

  Strategy C: Phase-based ...
  Best phase_based: 0.5586 (dw_e=0.4,dw_l=0.8)

  Strategy D: Extended Capped Upside (more models) ...
    Using: dtw (base) + ['bilstm', 'tcn_res', 'transformer', 'tcn', 'lgbm']
  Best ext_capped: 0.6182

============================================================
[FINAL SUMMARY]
       strategy                                                      params   cf  overall
     ext_capped n=3,a=0.4,c=2.0,models=['bilstm', 'tcn_res', 'transformer'] 0.00   0.6182
     ExpJ_repro                                 al=0.4,cl=2.0,at=1.0,ct=2.0 0.94   0.6064
   bidir_capped                                 au=0.6,cu=2.0,ad=0.1,cd=1.2 0.00   0.5942
    phase_based                                           dw_e=0.4,dw_l=0.8 0.00   0.5586
trimmed_mean_t1                                          trim=1,n_models=11 1.05   0.5385
trimmed_mean_t2                                          trim=2,n_models=11 1.04   0.5315

Done in 284s → /data/home/ksphm/2026-challenge-KSPHM/User/SR/Ensemble_6/experiments/ExpK_model_diversity/results
