Loading TH v7_4_2 HI...
  Bearing1: n=126, range=[0.000, 0.823]
  Bearing2: n=114, range=[0.000, 0.881]
  Bearing3: n=89, range=[0.000, 0.576]
  Bearing4: n=137, range=[0.000, 0.958]

Device: cuda

=======================================================
[LOOCV] Bearing 1 held out
  LSTM training (5 seeds)...
  → LGBM: 0.6071  LSTM-A: 0.3960
=======================================================
[LOOCV] Bearing 2 held out
  LSTM training (5 seeds)...
  → LGBM: 0.5618  LSTM-A: 0.4877
=======================================================
[LOOCV] Bearing 3 held out
  LSTM training (5 seeds)...
  → LGBM: 0.0705  LSTM-A: 0.4636
=======================================================
[LOOCV] Bearing 4 held out
  LSTM training (5 seeds)...
  → LGBM: 0.4015  LSTM-A: 0.3572

=======================================================
   Bearing |     LGBM |   LSTM-A | Ensemble
  --------------------------------------------------
         1 |   0.6071 |   0.3960 |   0.5246
         2 |   0.5618 |   0.4877 |   0.6405
         3 |   0.0705 |   0.4636 |   0.4666
         4 |   0.4015 |   0.3572 |   0.3696
      Mean |   0.4102 |   0.4261 |   0.5004

  [Calibration search]
  [LSTM-A] best cf=0.88 → 0.4266
  [Ensemble] best cf=1.06 → 0.5052

  ┌─────────────────────────────────────────────────────────────────────┐
  │  Config      │ v1(raw) │ v2(norm) │ v3(+obsfrac) │ v3 cf │ v3 after cf │
  ├─────────────────────────────────────────────────────────────────────┤
  │  SR 0514     │  0.4326 │   0.4326 │      —       │  0.76 │   (ref)     │
  │  LSTM-A      │  0.4261 │   0.4261 │   0.4261     │  0.88 │   0.4266    │
  │  LGBM+LSTM-A │  0.4529 │   0.4551 │   0.5004     │  1.06 │   0.5052    │
  └─────────────────────────────────────────────────────────────────────┘

  Best config: LGBM+LSTM-A (cf=1.06)

=======================================================
  Test inference — LGBM+LSTM-A, cf=1.06
  LSTM training on all 4 bearings...
  Weights: LGBM=0.450, LSTM-A=0.550
  [Test1] hi_start=0.023 → start_obs=12 (per-bearing: [12, 13, 12, 9])
  [Test1] 7.40hr  (v3=?, v2=8.58, v1=8.13, 0514=5.05)
  [Test2] hi_start=0.038 → start_obs=14 (per-bearing: [14, 16, 14, 11])
  [Test2] 8.58hr  (v3=?, v2=10.79, v1=10.89, 0514=5.08)
  [Test3] hi_start=0.097 → start_obs=20 (per-bearing: [20, 24, 21, 16])
  [Test3] 5.21hr  (v3=?, v2=5.60, v1=7.44, 0514=4.69)
  [Test4] hi_start=0.001 → start_obs=3 (per-bearing: [2, 5, 4, 1])
  [Test4] 9.78hr  (v3=?, v2=5.06, v1=6.52, 0514=3.43)
  [Test5] hi_start=0.009 → start_obs=8 (per-bearing: [8, 10, 9, 6])
  [Test5] 8.31hr  (v3=?, v2=7.51, v1=9.94, 0514=7.46)
  [Test6] hi_start=0.028 → start_obs=12 (per-bearing: [12, 14, 13, 10])
  [Test6] 6.79hr  (v3=?, v2=5.61, v1=8.61, 0514=5.40)

   Test |   0514 |     v1 |     v2 |     v4 | start | obs_frac0 | hi_end
  ----------------------------------------------------------------------
      1 |   5.05 |   8.13 |   8.58 |   7.40 |    12 |     0.103 | 0.436
      2 |   5.08 |  10.89 |  10.79 |   8.58 |    14 |     0.120 | 0.108
      3 |   4.69 |   7.44 |   5.60 |   5.21 |    20 |     0.172 | 0.336
      4 |   3.43 |   6.52 |   5.06 |   9.78 |     3 |     0.026 | 0.571
      5 |   7.46 |   9.94 |   7.51 |   8.31 |     8 |     0.069 | 0.529
      6 |   5.40 |   8.61 |   5.61 |   6.79 |    12 |     0.103 | 0.447

[Done] /data/home/ksphm/2026-challenge-KSPHM/User/SR/0518/rul/output/th742_v4
